
> react-example@0.0.0 build
> vite build

[36mvite v6.4.1 [32mbuilding for production...[36m[39m
transforming...
npm : Found 1 warning while optimizing generated CSS:
At line:1 char:1
+ npm run build > build_output.txt 2>&1
+ ~~~~~~~~~~~~~~~~~~~~~~~~~~~~~~~~~~~~~
    + CategoryInfo          : NotSpecified: (Found 1 warning... generated CSS::String) [], RemoteException
    + FullyQualifiedErrorId : NativeCommandError
 

[2mΓöé   }[22m
[2mΓöé }[22m
[2mΓöé[22m @import url('https://fonts.googleapis.com/css2?family=Inter:wght@400;500;600;700;800;900&display=swap');
[2mΓöå[22m        [33m[2m^--[22m @import rules must precede all rules aside from @charset and @layer 
statements[39m
[2mΓöå[22m
[2mΓöé :root {[22m
[2mΓöé   --c-bg: #F5F3EF;[22m

[32mΓ£ô[39m 1740 modules transformed.
[31mΓ£ù[39m Build failed in 9.96s
[31merror during build:
[31m[vite-plugin-pwa:build] [plugin vite-plugin-pwa:build] src/components/cards/HiveCard.tsx: There was an error 
during the build:
  Could not resolve "../lib/db" from "src/components/cards/HiveCard.tsx"
Additionally, handling the error in the 'buildEnd' hook caused the following error:
  Could not resolve "../lib/db" from "src/components/cards/HiveCard.tsx"[31m
file: [36mD:/final-project/final-project/frontend/src/components/cards/HiveCard.tsx[31m
    at getRollupError 
(file:///D:/final-project/final-project/frontend/node_modules/rollup/dist/es/shared/parseAst.js:406:41)
    at file:///D:/final-project/final-project/frontend/node_modules/rollup/dist/es/shared/node-entry.js:23522:39
    at async catchUnfinishedHookActions 
(file:///D:/final-project/final-project/frontend/node_modules/rollup/dist/es/shared/node-entry.js:22980:16)
    at async rollupInternal 
(file:///D:/final-project/final-project/frontend/node_modules/rollup/dist/es/shared/node-entry.js:23505:5)
    at async buildEnvironment 
(file:///D:/final-project/final-project/frontend/node_modules/vite/dist/node/chunks/dep-D4NMHUTW.js:46235:14)
    at async Object.defaultBuildApp [as buildApp] 
(file:///D:/final-project/final-project/frontend/node_modules/vite/dist/node/chunks/dep-D4NMHUTW.js:46713:5)
    at async CAC.<anonymous> 
(file:///D:/final-project/final-project/frontend/node_modules/vite/dist/node/cli.js:863:7)[39m
