src/App.tsx(42,50): error TS2305: Module '"./hooks/useLocalData"' has no exported member 'useUserProfile'.
src/App.tsx(148,52): error TS2322: Type '{ onSelectHive: (id: any) => void; }' is not assignable to type 'HiveManagementProps'.
  Property 'onSelectHive' does not exist on type 'HiveManagementProps'.
src/App.tsx(149,54): error TS2741: Property 'onNavigate' is missing in type '{ hiveId: any; onBack: () => any; }' but required in type 'HiveDetailProps'.
src/App.tsx(149,142): error TS2322: Type '{ onSelectHive: (id: any) => void; }' is not assignable to type 'HiveManagementProps'.
  Property 'onSelectHive' does not exist on type 'HiveManagementProps'.
src/App.tsx(151,57): error TS2322: Type '{ onSelectBatch: (id: any) => void; }' is not assignable to type 'HarvestTraceabilityProps'.
  Property 'onSelectBatch' does not exist on type 'HarvestTraceabilityProps'.
src/App.tsx(160,18): error TS2322: Type '{ children: any[]; currentView: any; onNavigate: any; onLogout: () => void; user: User; }' is not assignable to type 'AdminLayoutProps'.
  Property 'currentView' does not exist on type 'AdminLayoutProps'.
src/App.tsx(179,54): error TS2741: Property 'onNavigate' is missing in type '{ hiveId: any; onBack: () => any; }' but required in type 'HiveDetailProps'.
src/components/admin/AlertManagement.tsx(89,48): error TS2304: Cannot find name 'cn'.
src/components/admin/AlertManagement.tsx(94,37): error TS2304: Cannot find name 'cn'.
src/components/admin/Analytics.tsx(146,35): error TS2304: Cannot find name 'cn'.
src/components/admin/HiveDetail.tsx(120,20): error TS2304: Cannot find name 'Hexagon'.
src/components/admin/SystemMonitor.tsx(47,34): error TS2304: Cannot find name 'cn'.
src/components/admin/SystemMonitor.tsx(57,29): error TS2304: Cannot find name 'cn'.
src/components/admin/SystemMonitor.tsx(60,30): error TS2304: Cannot find name 'cn'.
src/components/admin/SystemMonitor.tsx(81,74): error TS2339: Property 'attempts' does not exist on type 'unknown'.
src/components/admin/SystemMonitor.tsx(86,24): error TS2339: Property 'successes' does not exist on type 'unknown'.
src/components/admin/SystemMonitor.tsx(86,40): error TS2339: Property 'attempts' does not exist on type 'unknown'.
src/components/admin/SystemMonitor.tsx(91,32): error TS2304: Cannot find name 'cn'.
src/components/admin/SystemMonitor.tsx(93,26): error TS2339: Property 'successes' does not exist on type 'unknown'.
src/components/admin/SystemMonitor.tsx(93,38): error TS2339: Property 'attempts' does not exist on type 'unknown'.
src/components/admin/SystemMonitor.tsx(95,43): error TS2339: Property 'successes' does not exist on type 'unknown'.
src/components/admin/SystemMonitor.tsx(95,57): error TS2339: Property 'attempts' does not exist on type 'unknown'.
src/components/admin/SystemMonitor.tsx(148,42): error TS2304: Cannot find name 'cn'.
src/components/admin/UserManagement.tsx(123,40): error TS2304: Cannot find name 'cn'.
src/components/admin/UserManagement.tsx(132,41): error TS2304: Cannot find name 'cn'.
src/components/admin/UserManagement.tsx(136,42): error TS2304: Cannot find name 'cn'.
src/components/SyncDebugPanel.tsx(184,78): error TS2339: Property 'attempts' does not exist on type 'unknown'.
src/components/SyncDebugPanel.tsx(188,58): error TS2339: Property 'attempts' does not exist on type 'unknown'.
src/components/SyncDebugPanel.tsx(189,59): error TS2339: Property 'successes' does not exist on type 'unknown'.
src/components/SyncDebugPanel.tsx(190,57): error TS2339: Property 'failures' does not exist on type 'unknown'.
src/components/SyncDebugPanel.tsx(191,26): error TS2339: Property 'maxRetries' does not exist on type 'unknown'.
src/components/SyncDebugPanel.tsx(191,81): error TS2339: Property 'maxRetries' does not exist on type 'unknown'.
src/repositories/alertRepository.ts(16,25): error TS2345: Argument of type '{ type: "CREATE"; entity: "alert"; entityId: string; payload: Record<string, unknown>; }' is not assignable to parameter of type 'Omit<SyncQueueItem, "id" | "createdAt" | "status" | "retries">'.
  Type '{ type: "CREATE"; entity: "alert"; entityId: string; payload: Record<string, unknown>; }' is missing the following properties from type 'Omit<SyncQueueItem, "id" | "createdAt" | "status" | "retries">': priority, idempotencyKey
src/repositories/alertRepository.ts(25,25): error TS2345: Argument of type '{ type: "UPDATE"; entity: "alert"; entityId: string; payload: Record<string, unknown>; }' is not assignable to parameter of type 'Omit<SyncQueueItem, "id" | "createdAt" | "status" | "retries">'.
  Type '{ type: "UPDATE"; entity: "alert"; entityId: string; payload: Record<string, unknown>; }' is missing the following properties from type 'Omit<SyncQueueItem, "id" | "createdAt" | "status" | "retries">': priority, idempotencyKey
src/repositories/harvestRepository.ts(16,25): error TS2345: Argument of type '{ type: "CREATE"; entity: "harvest"; entityId: string; payload: Record<string, unknown>; }' is not assignable to parameter of type 'Omit<SyncQueueItem, "id" | "createdAt" | "status" | "retries">'.
  Type '{ type: "CREATE"; entity: "harvest"; entityId: string; payload: Record<string, unknown>; }' is missing the following properties from type 'Omit<SyncQueueItem, "id" | "createdAt" | "status" | "retries">': priority, idempotencyKey
src/repositories/harvestRepository.ts(25,25): error TS2345: Argument of type '{ type: "UPDATE"; entity: "harvest"; entityId: string; payload: Record<string, unknown>; }' is not assignable to parameter of type 'Omit<SyncQueueItem, "id" | "createdAt" | "status" | "retries">'.
  Type '{ type: "UPDATE"; entity: "harvest"; entityId: string; payload: Record<string, unknown>; }' is missing the following properties from type 'Omit<SyncQueueItem, "id" | "createdAt" | "status" | "retries">': priority, idempotencyKey
src/repositories/harvestRepository.ts(30,25): error TS2345: Argument of type '{ type: "DELETE"; entity: "harvest"; entityId: string; payload: { id: string; }; }' is not assignable to parameter of type 'Omit<SyncQueueItem, "id" | "createdAt" | "status" | "retries">'.
  Type '{ type: "DELETE"; entity: "harvest"; entityId: string; payload: { id: string; }; }' is missing the following properties from type 'Omit<SyncQueueItem, "id" | "createdAt" | "status" | "retries">': priority, idempotencyKey
src/repositories/hiveRepository.ts(20,25): error TS2345: Argument of type '{ type: "CREATE"; entity: "hive"; entityId: string; payload: Record<string, unknown>; }' is not assignable to parameter of type 'Omit<SyncQueueItem, "id" | "createdAt" | "status" | "retries">'.
  Type '{ type: "CREATE"; entity: "hive"; entityId: string; payload: Record<string, unknown>; }' is missing the following properties from type 'Omit<SyncQueueItem, "id" | "createdAt" | "status" | "retries">': priority, idempotencyKey
src/repositories/hiveRepository.ts(30,25): error TS2345: Argument of type '{ type: "UPDATE"; entity: "hive"; entityId: string; payload: Record<string, unknown>; }' is not assignable to parameter of type 'Omit<SyncQueueItem, "id" | "createdAt" | "status" | "retries">'.
  Type '{ type: "UPDATE"; entity: "hive"; entityId: string; payload: Record<string, unknown>; }' is missing the following properties from type 'Omit<SyncQueueItem, "id" | "createdAt" | "status" | "retries">': priority, idempotencyKey
src/repositories/hiveRepository.ts(37,25): error TS2345: Argument of type '{ type: "DELETE"; entity: "hive"; entityId: string; payload: { id: string; }; }' is not assignable to parameter of type 'Omit<SyncQueueItem, "id" | "createdAt" | "status" | "retries">'.
  Type '{ type: "DELETE"; entity: "hive"; entityId: string; payload: { id: string; }; }' is missing the following properties from type 'Omit<SyncQueueItem, "id" | "createdAt" | "status" | "retries">': priority, idempotencyKey
src/repositories/inspectionRepository.ts(16,25): error TS2345: Argument of type '{ type: "CREATE"; entity: "inspection"; entityId: string; payload: Record<string, unknown>; }' is not assignable to parameter of type 'Omit<SyncQueueItem, "id" | "createdAt" | "status" | "retries">'.
  Type '{ type: "CREATE"; entity: "inspection"; entityId: string; payload: Record<string, unknown>; }' is missing the following properties from type 'Omit<SyncQueueItem, "id" | "createdAt" | "status" | "retries">': priority, idempotencyKey
src/repositories/inspectionRepository.ts(25,25): error TS2345: Argument of type '{ type: "UPDATE"; entity: "inspection"; entityId: string; payload: Record<string, unknown>; }' is not assignable to parameter of type 'Omit<SyncQueueItem, "id" | "createdAt" | "status" | "retries">'.
  Type '{ type: "UPDATE"; entity: "inspection"; entityId: string; payload: Record<string, unknown>; }' is missing the following properties from type 'Omit<SyncQueueItem, "id" | "createdAt" | "status" | "retries">': priority, idempotencyKey
src/repositories/inspectionRepository.ts(30,25): error TS2345: Argument of type '{ type: "DELETE"; entity: "inspection"; entityId: string; payload: { id: string; }; }' is not assignable to parameter of type 'Omit<SyncQueueItem, "id" | "createdAt" | "status" | "retries">'.
  Type '{ type: "DELETE"; entity: "inspection"; entityId: string; payload: { id: string; }; }' is missing the following properties from type 'Omit<SyncQueueItem, "id" | "createdAt" | "status" | "retries">': priority, idempotencyKey
src/repositories/userRepository.ts(15,25): error TS2345: Argument of type '{ type: "UPDATE" | "CREATE"; entity: "user"; entityId: string; payload: Record<string, unknown>; }' is not assignable to parameter of type 'Omit<SyncQueueItem, "id" | "createdAt" | "status" | "retries">'.
  Type '{ type: "UPDATE" | "CREATE"; entity: "user"; entityId: string; payload: Record<string, unknown>; }' is missing the following properties from type 'Omit<SyncQueueItem, "id" | "createdAt" | "status" | "retries">': priority, idempotencyKey
src/repositories/userRepository.ts(28,25): error TS2345: Argument of type '{ type: "UPDATE"; entity: "user"; entityId: string; payload: Record<string, unknown>; }' is not assignable to parameter of type 'Omit<SyncQueueItem, "id" | "createdAt" | "status" | "retries">'.
  Type '{ type: "UPDATE"; entity: "user"; entityId: string; payload: Record<string, unknown>; }' is missing the following properties from type 'Omit<SyncQueueItem, "id" | "createdAt" | "status" | "retries">': priority, idempotencyKey
