--- Testing Endpoints ---
Γ£à GET /health: 200 { status: 'ok', timestamp: 1775410529872, env: 'development' }
Γ£à GET /api/heatmap: 200, Points returned: undefined
Γ£à POST /api/score: 200, Score: undefined, Grade: undefined
--- Some Endpoints Failed! ---
